#-----------------------------------------------------------
# Vivado v2016.1 (64-bit)
# SW Build 1538259 on Fri Apr  8 15:45:27 MDT 2016
# IP Build 1537824 on Fri Apr  8 04:28:57 MDT 2016
# Start of session at: Thu Nov 02 15:21:07 2023
# Process ID: 3280
# Current directory: C:/Users/fu6315ma-s/Lab5
# Command line: vivado.exe -gui_launcher_event rodinguilauncherevent1120 C:\Users\fu6315ma-s\Lab5\Lab5.xpr
# Log file: C:/Users/fu6315ma-s/Lab5/vivado.log
# Journal file: C:/Users/fu6315ma-s/Lab5\vivado.jou
#-----------------------------------------------------------
start_gui
open_project C:/Users/fu6315ma-s/Lab5/Lab5.xpr
update_compile_order -fileset sources_1
launch_simulation
open_wave_config C:/Users/fu6315ma-s/eitf35-lab4/tb_bcd2bin_behav.wcfg
source tb_binary2BCD.tcl
relaunch_sim
restart
run 10 us
relaunch_sim
save_wave_config {C:/Users/fu6315ma-s/eitf35-lab4/tb_bcd2bin_behav.wcfg}
close_sim
launch_simulation
open_wave_config C:/Users/fu6315ma-s/eitf35-lab4/tb_bcd2bin_behav.wcfg
source tb_binary2BCD.tcl
close_sim
update_compile_order -fileset sources_1
update_compile_order -fileset sources_1
reset_run synth_1
launch_runs impl_1 -to_step write_bitstream
wait_on_run impl_1
open_hw
reset_run synth_1
launch_runs impl_1 -to_step write_bitstream
wait_on_run impl_1
connect_hw_server
open_hw_target
set_property PROGRAM.FILE {C:/Users/fu6315ma-s/Lab5/Lab5.runs/impl_1/lab4_top.bit} [lindex [get_hw_devices] 0]
current_hw_device [lindex [get_hw_devices] 0]
refresh_hw_device -update_hw_probes false [lindex [get_hw_devices] 0]
set_property PROBES.FILE {} [lindex [get_hw_devices] 0]
set_property PROGRAM.FILE {C:/Users/fu6315ma-s/Lab5/Lab5.runs/impl_1/lab4_top.bit} [lindex [get_hw_devices] 0]
program_hw_devices [lindex [get_hw_devices] 0]
refresh_hw_device [lindex [get_hw_devices] 0]
close_hw
open_run impl_1
